{"synthetic": false,
 "outputs":
 {"o": ["7252489579078374547"],
  "i": "655302766772591448",
  "c": "5131274604633113259"},
 "log":
 [{"message":
   ".> LEAN_PATH=C:\\Users\\psolo\\CascadeProjects\\windsurf-project\\Principia Fractalis\\PF_L4L\\.lake\\packages\\Cli\\.lake\\build\\lib\\lean;C:\\Users\\psolo\\CascadeProjects\\windsurf-project\\Principia Fractalis\\PF_L4L\\.lake\\packages\\batteries\\.lake\\build\\lib\\lean;C:\\Users\\psolo\\CascadeProjects\\windsurf-project\\Principia Fractalis\\PF_L4L\\.lake\\packages\\Qq\\.lake\\build\\lib\\lean;C:\\Users\\psolo\\CascadeProjects\\windsurf-project\\Principia Fractalis\\PF_L4L\\.lake\\packages\\aesop\\.lake\\build\\lib\\lean;C:\\Users\\psolo\\CascadeProjects\\windsurf-project\\Principia Fractalis\\PF_L4L\\.lake\\packages\\proofwidgets\\.lake\\build\\lib\\lean;C:\\Users\\psolo\\CascadeProjects\\windsurf-project\\Principia Fractalis\\PF_L4L\\.lake\\packages\\importGraph\\.lake\\build\\lib\\lean;C:\\Users\\psolo\\CascadeProjects\\windsurf-project\\Principia Fractalis\\PF_L4L\\.lake\\packages\\LeanSearchClient\\.lake\\build\\lib\\lean;C:\\Users\\psolo\\CascadeProjects\\windsurf-project\\Principia Fractalis\\PF_L4L\\.lake\\packages\\plausible\\.lake\\build\\lib\\lean;C:\\Users\\psolo\\CascadeProjects\\windsurf-project\\Principia Fractalis\\PF_canonical\\2_LEAN_SOURCE_CODE\\.lake\\build\\lib\\lean;C:\\Users\\psolo\\CascadeProjects\\windsurf-project\\Principia Fractalis\\PF_L4L\\.lake\\packages\\mathlib\\.lake\\build\\lib\\lean;C:\\Users\\psolo\\CascadeProjects\\windsurf-project\\Principia Fractalis\\PF_L4L\\.lake\\build\\lib\\lean c:\\Users\\psolo\\.elan\\toolchains\\leanprover--lean4---v4.24.0-rc1\\bin\\lean.exe C:\\Users\\psolo\\CascadeProjects\\windsurf-project\\Principia Fractalis\\PF_L4L\\PF_L4L\\Ch23\\YM.lean -o C:\\Users\\psolo\\CascadeProjects\\windsurf-project\\Principia Fractalis\\PF_L4L\\.lake\\build\\lib\\lean\\PF_L4L\\Ch23\\YM.olean -i C:\\Users\\psolo\\CascadeProjects\\windsurf-project\\Principia Fractalis\\PF_L4L\\.lake\\build\\lib\\lean\\PF_L4L\\Ch23\\YM.ilean -c C:\\Users\\psolo\\CascadeProjects\\windsurf-project\\Principia Fractalis\\PF_L4L\\.lake\\build\\ir\\PF_L4L\\Ch23\\YM.c --setup C:\\Users\\psolo\\CascadeProjects\\windsurf-project\\Principia Fractalis\\PF_L4L\\.lake\\build\\ir\\PF_L4L\\Ch23\\YM.setup.json --json",
   "level": "trace"}],
 "inputs":
 [["PF_L4L.Ch23.YM:deps",
   [["deps",
     [["PF_L4L/PF_L4L:extraDep", [["@PF_L4L:extraDep", "1723"]]],
      ["imports",
       [["PF.YM_Equivalence transitive imports (legacy)",
         "6042196485217208114"],
        ["PF.YM_Equivalence:importAllArts", "9740305254158861449"],
        ["PF_L4L.Core.Resonance transitive imports (legacy)",
         "5621798730709038746"],
        ["PF_L4L.Core.Resonance:importAllArts", "5458639428590560935"]]]]],
    ["libs",
     [["import dynlibs", "1723"],
      ["package external libraries", "1723"],
      ["module dynlibs", "1723"],
      ["module plugins", "1723"]]]]],
  ["Lean 4.24.0, commit 919e297292280cdb27598edd4e03437be5850221",
   "16820442660988836695"],
  ["C:\\Users\\psolo\\CascadeProjects\\windsurf-project\\Principia Fractalis\\PF_L4L\\PF_L4L\\Ch23\\YM.lean",
   "15769161811045590600"],
  ["options", "1723"],
  ["Module.leanArgs: #[]", "1723"]],
 "depHash": "14119830326590174886"}