{"synthetic": false,
 "outputs":
 {"o": ["12453476655115858062"],
  "i": "9900395670577618552",
  "c": "9633282549263753212"},
 "log":
 [{"message":
   ".> LEAN_PATH=C:\\Users\\psolo\\CascadeProjects\\windsurf-project\\Principia Fractalis\\PF_L4L\\.lake\\packages\\Cli\\.lake\\build\\lib\\lean;C:\\Users\\psolo\\CascadeProjects\\windsurf-project\\Principia Fractalis\\PF_L4L\\.lake\\packages\\batteries\\.lake\\build\\lib\\lean;C:\\Users\\psolo\\CascadeProjects\\windsurf-project\\Principia Fractalis\\PF_L4L\\.lake\\packages\\Qq\\.lake\\build\\lib\\lean;C:\\Users\\psolo\\CascadeProjects\\windsurf-project\\Principia Fractalis\\PF_L4L\\.lake\\packages\\aesop\\.lake\\build\\lib\\lean;C:\\Users\\psolo\\CascadeProjects\\windsurf-project\\Principia Fractalis\\PF_L4L\\.lake\\packages\\proofwidgets\\.lake\\build\\lib\\lean;C:\\Users\\psolo\\CascadeProjects\\windsurf-project\\Principia Fractalis\\PF_L4L\\.lake\\packages\\importGraph\\.lake\\build\\lib\\lean;C:\\Users\\psolo\\CascadeProjects\\windsurf-project\\Principia Fractalis\\PF_L4L\\.lake\\packages\\LeanSearchClient\\.lake\\build\\lib\\lean;C:\\Users\\psolo\\CascadeProjects\\windsurf-project\\Principia Fractalis\\PF_L4L\\.lake\\packages\\plausible\\.lake\\build\\lib\\lean;C:\\Users\\psolo\\CascadeProjects\\windsurf-project\\Principia Fractalis\\PF_canonical\\2_LEAN_SOURCE_CODE\\.lake\\build\\lib\\lean;C:\\Users\\psolo\\CascadeProjects\\windsurf-project\\Principia Fractalis\\PF_L4L\\.lake\\packages\\mathlib\\.lake\\build\\lib\\lean;C:\\Users\\psolo\\CascadeProjects\\windsurf-project\\Principia Fractalis\\PF_L4L\\.lake\\build\\lib\\lean c:\\Users\\psolo\\.elan\\toolchains\\leanprover--lean4---v4.24.0-rc1\\bin\\lean.exe C:\\Users\\psolo\\CascadeProjects\\windsurf-project\\Principia Fractalis\\PF_L4L\\PF_L4L.lean -o C:\\Users\\psolo\\CascadeProjects\\windsurf-project\\Principia Fractalis\\PF_L4L\\.lake\\build\\lib\\lean\\PF_L4L.olean -i C:\\Users\\psolo\\CascadeProjects\\windsurf-project\\Principia Fractalis\\PF_L4L\\.lake\\build\\lib\\lean\\PF_L4L.ilean -c C:\\Users\\psolo\\CascadeProjects\\windsurf-project\\Principia Fractalis\\PF_L4L\\.lake\\build\\ir\\PF_L4L.c --setup C:\\Users\\psolo\\CascadeProjects\\windsurf-project\\Principia Fractalis\\PF_L4L\\.lake\\build\\ir\\PF_L4L.setup.json --json",
   "level": "trace"}],
 "inputs":
 [["PF_L4L:deps",
   [["deps",
     [["PF_L4L/PF_L4L:extraDep", [["@PF_L4L:extraDep", "1723"]]],
      ["imports",
       [["PF_L4L.Core.Resonance transitive imports (legacy)",
         "5621798730709038746"],
        ["PF_L4L.Core.Resonance:importAllArts", "5458639428590560935"],
        ["PF_L4L.Core.Zeta transitive imports (legacy)",
         "10787749115459692056"],
        ["PF_L4L.Core.Zeta:importAllArts", "18153809977918352611"],
        ["PF_L4L.Core.SpectralGap transitive imports (legacy)",
         "13036199999392196151"],
        ["PF_L4L.Core.SpectralGap:importAllArts", "12779515677571760121"],
        ["PF_L4L.Core.AxiomAudit transitive imports (legacy)",
         "14653714971121116499"],
        ["PF_L4L.Core.AxiomAudit:importAllArts", "6434463154352150941"],
        ["PF_L4L.Ch20.RH transitive imports (legacy)", "9027173903226761345"],
        ["PF_L4L.Ch20.RH:importAllArts", "9184535529597924102"],
        ["PF_L4L.Ch21.PNP transitive imports (legacy)", "15551983111197453984"],
        ["PF_L4L.Ch21.PNP:importAllArts", "6962541748775946714"],
        ["PF_L4L.Ch23.YM transitive imports (legacy)", "17473492475324244660"],
        ["PF_L4L.Ch23.YM:importAllArts", "18044390598274227084"],
        ["PF_L4L.Ch24.BSD transitive imports (legacy)", "17289197239773634046"],
        ["PF_L4L.Ch24.BSD:importAllArts", "4242025845007121778"]]]]],
    ["libs",
     [["import dynlibs", "1723"],
      ["package external libraries", "1723"],
      ["module dynlibs", "1723"],
      ["module plugins", "1723"]]]]],
  ["Lean 4.24.0, commit 919e297292280cdb27598edd4e03437be5850221",
   "16820442660988836695"],
  ["C:\\Users\\psolo\\CascadeProjects\\windsurf-project\\Principia Fractalis\\PF_L4L\\PF_L4L.lean",
   "7865513457887342947"],
  ["options", "1723"],
  ["Module.leanArgs: #[]", "1723"]],
 "depHash": "8313124972634080987"}