{"synthetic": false,
 "outputs":
 {"o": ["3846562556770514600"],
  "i": "4598632021158029648",
  "c": "2296665029867796160"},
 "log":
 [{"message":
   ".> LEAN_PATH=C:\\Users\\psolo\\CascadeProjects\\windsurf-project\\Principia Fractalis\\PF_L4L\\.lake\\packages\\Cli\\.lake\\build\\lib\\lean;C:\\Users\\psolo\\CascadeProjects\\windsurf-project\\Principia Fractalis\\PF_L4L\\.lake\\packages\\batteries\\.lake\\build\\lib\\lean;C:\\Users\\psolo\\CascadeProjects\\windsurf-project\\Principia Fractalis\\PF_L4L\\.lake\\packages\\Qq\\.lake\\build\\lib\\lean;C:\\Users\\psolo\\CascadeProjects\\windsurf-project\\Principia Fractalis\\PF_L4L\\.lake\\packages\\aesop\\.lake\\build\\lib\\lean;C:\\Users\\psolo\\CascadeProjects\\windsurf-project\\Principia Fractalis\\PF_L4L\\.lake\\packages\\proofwidgets\\.lake\\build\\lib\\lean;C:\\Users\\psolo\\CascadeProjects\\windsurf-project\\Principia Fractalis\\PF_L4L\\.lake\\packages\\importGraph\\.lake\\build\\lib\\lean;C:\\Users\\psolo\\CascadeProjects\\windsurf-project\\Principia Fractalis\\PF_L4L\\.lake\\packages\\LeanSearchClient\\.lake\\build\\lib\\lean;C:\\Users\\psolo\\CascadeProjects\\windsurf-project\\Principia Fractalis\\PF_L4L\\.lake\\packages\\plausible\\.lake\\build\\lib\\lean;C:\\Users\\psolo\\CascadeProjects\\windsurf-project\\Principia Fractalis\\PF_canonical\\2_LEAN_SOURCE_CODE\\.lake\\build\\lib\\lean;C:\\Users\\psolo\\CascadeProjects\\windsurf-project\\Principia Fractalis\\PF_L4L\\.lake\\packages\\mathlib\\.lake\\build\\lib\\lean;C:\\Users\\psolo\\CascadeProjects\\windsurf-project\\Principia Fractalis\\PF_L4L\\.lake\\build\\lib\\lean c:\\Users\\psolo\\.elan\\toolchains\\leanprover--lean4---v4.24.0-rc1\\bin\\lean.exe C:\\Users\\psolo\\CascadeProjects\\windsurf-project\\Principia Fractalis\\PF_L4L\\PF_L4L\\Core\\Resonance.lean -o C:\\Users\\psolo\\CascadeProjects\\windsurf-project\\Principia Fractalis\\PF_L4L\\.lake\\build\\lib\\lean\\PF_L4L\\Core\\Resonance.olean -i C:\\Users\\psolo\\CascadeProjects\\windsurf-project\\Principia Fractalis\\PF_L4L\\.lake\\build\\lib\\lean\\PF_L4L\\Core\\Resonance.ilean -c C:\\Users\\psolo\\CascadeProjects\\windsurf-project\\Principia Fractalis\\PF_L4L\\.lake\\build\\ir\\PF_L4L\\Core\\Resonance.c --setup C:\\Users\\psolo\\CascadeProjects\\windsurf-project\\Principia Fractalis\\PF_L4L\\.lake\\build\\ir\\PF_L4L\\Core\\Resonance.setup.json --json",
   "level": "trace"},
  {"message":
   "PF_L4L/Core/Resonance.lean:44:2: try 'simp' instead of 'simpa'\n\nNote: This linter can be disabled with `set_option linter.unnecessarySimpa false`",
   "level": "warning"}],
 "inputs":
 [["PF_L4L.Core.Resonance:deps",
   [["deps",
     [["PF_L4L/PF_L4L:extraDep", [["@PF_L4L:extraDep", "1723"]]],
      ["imports",
       [["PF.YM_Equivalence transitive imports (legacy)",
         "6042196485217208114"],
        ["PF.YM_Equivalence:importAllArts", "9740305254158861449"],
        ["Mathlib.Topology.Algebra.InfiniteSum.Basic transitive imports (legacy)",
         "18304256131472563646"],
        ["Mathlib.Topology.Algebra.InfiniteSum.Basic:importAllArts",
         "16933050907616643171"],
        ["Mathlib.Analysis.SpecialFunctions.Complex.Log transitive imports (legacy)",
         "13871726994190431621"],
        ["Mathlib.Analysis.SpecialFunctions.Complex.Log:importAllArts",
         "8141417950648808684"]]]]],
    ["libs",
     [["import dynlibs", "1723"],
      ["package external libraries", "1723"],
      ["module dynlibs", "1723"],
      ["module plugins", "1723"]]]]],
  ["Lean 4.24.0, commit 919e297292280cdb27598edd4e03437be5850221",
   "16820442660988836695"],
  ["C:\\Users\\psolo\\CascadeProjects\\windsurf-project\\Principia Fractalis\\PF_L4L\\PF_L4L\\Core\\Resonance.lean",
   "9412227048975891228"],
  ["options", "1723"],
  ["Module.leanArgs: #[]", "1723"]],
 "depHash": "3872191578498420598"}