{"synthetic": false,
 "outputs":
 {"o": ["6683005240227851349"],
  "i": "6127048690865564083",
  "c": "18384145748476118232"},
 "log":
 [{"message":
   ".> LEAN_PATH=C:\\Users\\psolo\\CascadeProjects\\windsurf-project\\Principia Fractalis\\PF_L4L\\.lake\\packages\\Cli\\.lake\\build\\lib\\lean;C:\\Users\\psolo\\CascadeProjects\\windsurf-project\\Principia Fractalis\\PF_L4L\\.lake\\packages\\batteries\\.lake\\build\\lib\\lean;C:\\Users\\psolo\\CascadeProjects\\windsurf-project\\Principia Fractalis\\PF_L4L\\.lake\\packages\\Qq\\.lake\\build\\lib\\lean;C:\\Users\\psolo\\CascadeProjects\\windsurf-project\\Principia Fractalis\\PF_L4L\\.lake\\packages\\aesop\\.lake\\build\\lib\\lean;C:\\Users\\psolo\\CascadeProjects\\windsurf-project\\Principia Fractalis\\PF_L4L\\.lake\\packages\\proofwidgets\\.lake\\build\\lib\\lean;C:\\Users\\psolo\\CascadeProjects\\windsurf-project\\Principia Fractalis\\PF_L4L\\.lake\\packages\\importGraph\\.lake\\build\\lib\\lean;C:\\Users\\psolo\\CascadeProjects\\windsurf-project\\Principia Fractalis\\PF_L4L\\.lake\\packages\\LeanSearchClient\\.lake\\build\\lib\\lean;C:\\Users\\psolo\\CascadeProjects\\windsurf-project\\Principia Fractalis\\PF_L4L\\.lake\\packages\\plausible\\.lake\\build\\lib\\lean;C:\\Users\\psolo\\CascadeProjects\\windsurf-project\\Principia Fractalis\\PF_canonical\\2_LEAN_SOURCE_CODE\\.lake\\build\\lib\\lean;C:\\Users\\psolo\\CascadeProjects\\windsurf-project\\Principia Fractalis\\PF_L4L\\.lake\\packages\\mathlib\\.lake\\build\\lib\\lean;C:\\Users\\psolo\\CascadeProjects\\windsurf-project\\Principia Fractalis\\PF_L4L\\.lake\\build\\lib\\lean c:\\Users\\psolo\\.elan\\toolchains\\leanprover--lean4---v4.24.0-rc1\\bin\\lean.exe C:\\Users\\psolo\\CascadeProjects\\windsurf-project\\Principia Fractalis\\PF_L4L\\PF_L4L\\Core\\Zeta.lean -o C:\\Users\\psolo\\CascadeProjects\\windsurf-project\\Principia Fractalis\\PF_L4L\\.lake\\build\\lib\\lean\\PF_L4L\\Core\\Zeta.olean -i C:\\Users\\psolo\\CascadeProjects\\windsurf-project\\Principia Fractalis\\PF_L4L\\.lake\\build\\lib\\lean\\PF_L4L\\Core\\Zeta.ilean -c C:\\Users\\psolo\\CascadeProjects\\windsurf-project\\Principia Fractalis\\PF_L4L\\.lake\\build\\ir\\PF_L4L\\Core\\Zeta.c --setup C:\\Users\\psolo\\CascadeProjects\\windsurf-project\\Principia Fractalis\\PF_L4L\\.lake\\build\\ir\\PF_L4L\\Core\\Zeta.setup.json --json",
   "level": "trace"}],
 "inputs":
 [["PF_L4L.Core.Zeta:deps",
   [["deps",
     [["PF_L4L/PF_L4L:extraDep", [["@PF_L4L:extraDep", "1723"]]],
      ["imports",
       [["PF.RH_Equivalence transitive imports (legacy)",
         "15684962479158838378"],
        ["PF.RH_Equivalence:importAllArts", "6980314327689111189"],
        ["Mathlib.NumberTheory.LSeries.RiemannZeta transitive imports (legacy)",
         "16272162554321525180"],
        ["Mathlib.NumberTheory.LSeries.RiemannZeta:importAllArts",
         "406874621223888521"]]]]],
    ["libs",
     [["import dynlibs", "1723"],
      ["package external libraries", "1723"],
      ["module dynlibs", "1723"],
      ["module plugins", "1723"]]]]],
  ["Lean 4.24.0, commit 919e297292280cdb27598edd4e03437be5850221",
   "16820442660988836695"],
  ["C:\\Users\\psolo\\CascadeProjects\\windsurf-project\\Principia Fractalis\\PF_L4L\\PF_L4L\\Core\\Zeta.lean",
   "671163004185841417"],
  ["options", "1723"],
  ["Module.leanArgs: #[]", "1723"]],
 "depHash": "10523281194937802721"}