======================================================================
PHASE 1: H3 vs Mayer T_3 numerical reconnaissance (mp.dps=50)
======================================================================

[H3 Coxeter element spectrum]
  (-1+7.780146753162957e-51j)    |z|=1.0   arg/pi = 1.0
  (0.8090169943749475-0.5877852522924731j)    |z|=1.0000000000000000266372970992118146954918558019162   arg/pi = -0.19999999999999999696165645719285283024073890590861
  (0.8090169943749475+0.5877852522924731j)    |z|=1.0000000000000000266372970992118146954918558019162   arg/pi = 0.19999999999999999696165645719285283024073890590861

  Expected (m_j in {1,5,9}, h=10):
    m=1: (0.8090169943749475+0.5877852522924731j)   arg/pi=0.2
    m=5: (-1-1.0106957375356833e-51j)   arg/pi=-1.0
    m=9: (0.8090169943749475-0.5877852522924731j)   arg/pi=-0.2

[Mayer T_3 leading eigenvalues -- truncation N=30]
  lambda_00 = (-6.079797296792488e+17+0j)    |.|=607979729679248768.00000000000000000000
  lambda_01 = (1557281559648329+0j)    |.|=1557281559648329.00000000000000000000
  lambda_02 = (-8340530662490.243+0j)    |.|=8340530662490.24316406250000000000
  lambda_03 = (70152020032.89796+0j)    |.|=70152020032.89796447753906250000
  lambda_04 = (-824881683.4958493+0j)    |.|=824881683.49584925174713134766
  lambda_05 = (12731628.26176002-9.083467880361338e-45j)    |.|=12731628.26176002062857151031
  lambda_06 = (-248015.3193817258-4.725336779043804e-45j)    |.|=248015.31938172579975798726
  lambda_07 = (5938.188132999078-1.1672820906836393e-43j)    |.|=5938.18813299907833425095
  lambda_08 = (-171.46927386569803+3.937967352425361e-43j)    |.|=171.46927386569802820304
  lambda_09 = (5.888116398505804+3.897598350190811e-42j)    |.|=5.88811639850580359479
  lambda_10 = (-0.2378840760690955-3.7021860159659586e-41j)    |.|=0.23788407606909550696
  lambda_11 = (0.06340264978632204+4.235621575102633e-46j)    |.|=0.06340264978632204063

[Targeted match tests: does Mayer T_3 spectrum contain ...?]
  target -1 (Maass)                     -> closest |delta| = 7.621159e-01 at lambda_10
  target +1 (Eisenstein/even Maass)     -> closest |delta| = 9.365974e-01 at lambda_11
  target exp(+2 pi i/10)                -> closest |delta| = 9.494379e-01 at lambda_11
  target exp(-2 pi i/10)                -> closest |delta| = 9.494379e-01 at lambda_11
  target 1/golden phi                   -> closest |delta| = 5.546313e-01 at lambda_11
  target 1/golden^2                     -> closest |delta| = 3.185634e-01 at lambda_11

[IBM Galois pair quadratic -- numerical roots]
  discriminant = 2.1671842700025236430899159752246851747125796846616
  Galois roots: (1.868033988749895+0j),  (1.5+0j)
  closest Mayer eigenvalues to these roots:
    root1 -> closest |delta| = 1.804631e+00 at lambda_11 = (0.06340264978632204+4.235621575102633e-46j)
    root2 -> closest |delta| = 1.436597e+00 at lambda_11 = (0.06340264978632204+4.235621575102633e-46j)

[Maass cusp form r_n vs H3 exponents {1,5,9} and phi powers]
  phi      = 1.6180339887498948482045868343656381177203091798058
  phi^2    = 2.6180339887498948482045868343656381177203091798058
  phi^5    = 11.090169943749474241022934171828190588601545899029
  phi^7    = 29.034441853748633026659628846753295530364019337475
  10*phi   = 16.180339887498948482045868343656381177203091798058
  pi*phi^2 = 8.2247963459050530542721523965217017260290086925963
  pi*5/phi = 9.7080551936273328867343281498134797881733494692302
  r_1 = 13.77975135189
      r_n / pi             = 4.3862310844610415391273230218573512918255723883154
      r_n / phi            = 8.5163546919903325856425017701487973632189453853372
      r_n - 10             = 3.77975135189
      r_n - 5 phi          = 5.6895814081405257589770658281718094113984541009712
  r_2 = 17.73856338106
      r_n / pi             = 5.6463600908891656350802694487025707001667867875519
      r_n / phi            = 10.963035081089332761287431307205295889753181903964
      r_n - 10             = 7.73856338106
      r_n - 5 phi          = 9.6483934373105257589770658281718094113984541009712
      (r_n - r_1) / pi     = 1.2601290064281240959529464268452194083412143992365
  r_3 = 19.42348147083
      r_n / pi             = 6.1826861762728643285052302182761418837687707019822
      r_n / phi            = 12.004371728826739259212667870316738256789583634336
      r_n - 10             = 9.42348147083
      r_n - 5 phi          = 11.333311527080525758977065828171809411398454100971
      (r_n - r_1) / pi     = 1.7964550918118227893779071964187905919431983136668
  r_4 = 21.3157959402
      r_n / pi             = 6.7850285796419692674113767375630781970406558583503
      r_n / phi            = 13.173886388300621078536227302989438832084936093992
      r_n - 10             = 11.3157959402
      r_n - 5 phi          = 13.225625996450525758977065828171809411398454100971
      (r_n - r_1) / pi     = 2.3987974951809277282840537157057269052150834700349
  r_5 = 22.1946739799
      r_n / pi             = 7.0647841484283093267276364459830663637705398529446
      r_n / phi            = 13.717062888801100516307403644525139454026559258818
      r_n - 10             = 12.1946739799
      r_n - 5 phi          = 14.104504036150525758977065828171809411398454100971
      (r_n - r_1) / pi     = 2.6785530639672677876003134241257150719449674646291
  r_6 = 24.11235272132
      r_n / pi             = 7.6752002503467844685269190926680192365847734611712
      r_n / phi            = 14.902253530501781307969717671722538363711619566321
      r_n - 10             = 14.11235272132
      r_n - 5 phi          = 16.022182777570525758977065828171809411398454100971
      (r_n - r_1) / pi     = 3.2889691658857429293995960708106679447592010728558

[Mayer T_3 spectrum stability vs truncation]
  N=15: top-6 |lambda|: 657216214.9663869143, 3221266.3045304497, 34431.5529441971, 605.3513097062, 15.6565590612, 0.5621335447
  N=20: top-6 |lambda|: 641491563633.7473144531, 2411634398.5022087097, 19364893.8742212728, 249878.6473386691, 4621.2473497619, 115.2445688001
  N=25: top-6 |lambda|: 624030692218064.2500000000, 1901638793915.7827148438, 12221407115.5184402466, 124486499.4574569762, 1790198.6833005417, 34150.5524754379
  N=30: top-6 |lambda|: 607979729679248768.0000000000, 1557281559648329.0000000000, 8340530662490.2431640625, 70152020032.8979644775, 824881683.4958492517, 12731628.2617600206
  N=40: top-6 |lambda|: 582255177828841621028864.0000000000, 1130394497595292647424.0000000000, 4539222464948989952.0000000000, 28299237978472936.0000000000, 243677163925192.5625000000, 2719206472126.1577148438
