========================================================================
PHASE 2: H3-Perelman unified attack on RH surjectivity
mp.dps = 50
========================================================================

[A] H3 Coxeter element c = s1 s2 s3 -- numerical verification
  Gram matrix B (rows):
    [1.0, -0.809016994374947424102, 5.0534786876784165558518]
    [-0.809016994374947424102, 1.0, -0.5]
    [5.0534786876784165558518, -0.5, 1.0]

  Coxeter element c = s1 s2 s3, eigenvalues:
    eig = (0.80901699437494742410229341718281905886015458990289 - 0.58778525229247312916870595463907276859765243764314j)    |z| = 1.0    arg/pi = -0.2
    eig = (0.80901699437494742410229341718281905886015458990288 + 0.58778525229247312916870595463907276859765243764314j)    |z| = 1.0    arg/pi = 0.2
    eig = (-1.0 + 2.099074343396601978279643831793844016125719553094e-51j)    |z| = 1.0    arg/pi = 1.0

  ||c^10 - I||_max = 3.7412012077858997694618800296859289251185019053992e-50    (expected 0 if c has order 10)

[B] H3 number-theoretic identities verified to 50 digits
  sin(pi/10)        = 0.30901699437494742410229341718281905886015458990288
  (sqrt5 - 1)/4     = 0.30901699437494742410229341718281905886015458990288
  | diff |          = 6.6819117752304891153513411678787046970379922002626e-52

  1/(2 phi)         = 0.30901699437494742410229341718281905886015458990288
  cos(pi/10)        = 0.95105651629515357211643933337938214340569863412575
  sqrt((5+sqrt5)/8) = 0.95105651629515357211643933337938214340569863412575

[C] Maass cusp form spectral parameters r_n on PSL(2,Z)\H
  r_1 = 9.533695261353   Laplace eig = 91.141345336344646975390609
  r_2 = 12.173008325653   Laplace eig = 148.432131696417254497876409
  r_3 = 13.779751351891   Laplace eig = 190.131547319941842109275881
  r_4 = 14.358509518864   Laplace eig = 206.416795603308096771850496
  r_5 = 16.138073241974   Laplace eig = 260.687407963317210755416676

  Tests of r_n against H3 / phi structure:
  r = 9.5336952614:
     vs 10 (Coxeter number)       = 10.0000000000    |diff| = 4.663047e-01
     vs 10 phi                    = 16.1803398875    |diff| = 6.646645e+00
     vs 5 phi^2                   = 13.0901699437    |diff| = 3.556475e+00
     vs pi * 10 / phi             = 19.4161103873    |diff| = 9.882415e+00
     vs 5 + 5 phi                 = 13.0901699437    |diff| = 3.556475e+00
     vs 9 + 1/phi                 = 9.6180339887    |diff| = 8.433873e-02
     vs phi^5 + phi               = 12.7082039325    |diff| = 3.174509e+00
  r = 12.1730083257:
     vs 10 (Coxeter number)       = 10.0000000000    |diff| = 2.173008e+00
     vs 10 phi                    = 16.1803398875    |diff| = 4.007332e+00
     vs 5 phi^2                   = 13.0901699437    |diff| = 9.171616e-01
     vs pi * 10 / phi             = 19.4161103873    |diff| = 7.243102e+00
     vs 5 + 5 phi                 = 13.0901699437    |diff| = 9.171616e-01
     vs 9 + 1/phi                 = 9.6180339887    |diff| = 2.554974e+00
     vs phi^5 + phi               = 12.7082039325    |diff| = 5.351956e-01
  r = 13.7797513519:
     vs 10 (Coxeter number)       = 10.0000000000    |diff| = 3.779751e+00
     vs 10 phi                    = 16.1803398875    |diff| = 2.400589e+00
     vs 5 phi^2                   = 13.0901699437    |diff| = 6.895814e-01
     vs pi * 10 / phi             = 19.4161103873    |diff| = 5.636359e+00
     vs 5 + 5 phi                 = 13.0901699437    |diff| = 6.895814e-01
     vs 9 + 1/phi                 = 9.6180339887    |diff| = 4.161717e+00
     vs phi^5 + phi               = 12.7082039325    |diff| = 1.071547e+00
  r = 14.3585095189:
     vs 10 (Coxeter number)       = 10.0000000000    |diff| = 4.358510e+00
     vs 10 phi                    = 16.1803398875    |diff| = 1.821830e+00
     vs 5 phi^2                   = 13.0901699437    |diff| = 1.268340e+00
     vs pi * 10 / phi             = 19.4161103873    |diff| = 5.057601e+00
     vs 5 + 5 phi                 = 13.0901699437    |diff| = 1.268340e+00
     vs 9 + 1/phi                 = 9.6180339887    |diff| = 4.740476e+00
     vs phi^5 + phi               = 12.7082039325    |diff| = 1.650306e+00
  r = 16.1380732420:
     vs 10 (Coxeter number)       = 10.0000000000    |diff| = 6.138073e+00
     vs 10 phi                    = 16.1803398875    |diff| = 4.226665e-02
     vs 5 phi^2                   = 13.0901699437    |diff| = 3.047903e+00
     vs pi * 10 / phi             = 19.4161103873    |diff| = 3.278037e+00
     vs 5 + 5 phi                 = 13.0901699437    |diff| = 3.047903e+00
     vs 9 + 1/phi                 = 9.6180339887    |diff| = 6.520039e+00
     vs phi^5 + phi               = 12.7082039325    |diff| = 3.429869e+00

[D] sin(pi r_n / 10) and cos(pi r_n / 10) test:
  r_1 = 9.5336952614:
     sin(pi r/10) = 0.14597054434593660611187124665231968685454832952194
     cos(pi r/10) = -0.98928893665266011338826673155082181734043617070364
  r_2 = 12.1730083257:
     sin(pi r/10) = -0.63086744191844045983807192875810775555345173647378
     cos(pi r/10) = -0.77589063064795617683822556955643196960688592213816
  r_3 = 13.7797513519:
     sin(pi r/10) = -0.92741593864160408239392492853945629932238122023628
     cos(pi r/10) = -0.37403165207440994296764089852614445667165201066439
  r_4 = 14.3585095189:
     sin(pi r/10) = -0.97976143107724678393171008758981475909401280418682
     cos(pi r/10) = -0.20016877422181862345489828816286111752533996614722
  r_5 = 16.1380732420:
     sin(pi r/10) = -0.93676189669869102918879940104238876967544023089057
     cos(pi r/10) = 0.3499673540395888370034672319000706084844568365094

  Maass r_n mod 10 (testing periodicity of H3 Coxeter at h=10):
  r_1 mod 10 = 9.533695261353   pi*(r mod 10)/10 = 2.9950986994630408642218343161882116399804050210558
  r_2 mod 10 = 2.173008325653   pi*(r mod 10)/10 = 0.68267069920609218450021692580886316985034754296581
  r_3 mod 10 = 3.779751351891   pi*(r mod 10)/10 = 1.1874439079496855047238347266452127091654684657484
  r_4 mod 10 = 4.358509518864   pi*(r mod 10)/10 = 1.3692661485064326750193056231495159258235305107781
  r_5 mod 10 = 6.138073241974   pi*(r mod 10)/10 = 1.9283325804181603712326741943296238132587203067456

[E] H3-period structural test on Maass r_n:
    Hypothesis: r_n / (pi/10) should approach rational combinations
    of H3 exponents {1, 5, 9}.
  r_1 / (pi/10) = 30.346694535522178900784999593016030389057276261794
  r_2 / (pi/10) = 38.747888946529426803645999634960570054195861657673
  r_3 / (pi/10) = 43.862310844613598490135068125288890593523174170395
  r_4 / (pi/10) = 45.70455530718474796257441869448445636834678152298
  r_5 / (pi/10) = 51.369082568784216734320785583204854527226570348799

[F] Test: 10 * r_n  mod (2 pi)
  10 r_1 mod 2 pi = 1.0891730058362028461206985016149134740849180187467  (= 0.346695 pi)
    exp(10 i r_1) = (0.46321844392410108706911639689362880922776276240479 + 0.88624413860320363570554612415366667832301831381688j)
  10 r_2 mod 2 pi = 2.349562420117856938419551435378890400507562823746  (= 0.747889 pi)
    exp(10 i r_2) = (-0.70240168308122968080535839144112039398399934365351 + 0.71178077777125716784009963567665754093699420908285j)
  10 r_3 mod 2 pi = 5.8506220681386839845689779022608788637188852262456  (= 1.862311 pi)
    exp(10 i r_3) = (0.90789422528997569808111435188787755993945364321163 - 0.41919932691395730765585907814362755313055069794644j)
  10 r_4 mod 2 pi = 5.3550184306890975076436911357018730953245464274952  (= 1.704555 pi)
    exp(10 i r_4) = (0.59930244536066015176884516723745985529987650452437 - 0.80052269111170918346845795165049031516326828503455j)
  10 r_5 mod 2 pi = 4.3010997402503380768678308360248557901415300312447  (= 1.369083 pi)
    exp(10 i r_5) = (-0.39979138535746541619096992953739927787356139283392 - 0.91660615762385023769039049337023022247409209663038j)

[G] Modular fundamental domain area vs H3 invariants:
  Area(F_PSL2Z) = pi/3 = 1.047197551196597746154214461093167628065723133125
  H3 invariant: |H3| / 10 = 120 / 10 = 12  (Coxeter regular polytope normalizer)
  pi/3 * 12 = 4 pi  (S^2 area):  12.5663706143591729538505735331180115367886775975   vs 4*pi = 12.5663706143591729538505735331180115367886775975
  -- match: pi/3 * |H3|/h(H3) = 4 pi (sphere covered by icosahedral group)

========================================================================
SUMMARY OF PHASE 2 FINDINGS
========================================================================

1. H3 Coxeter element eigenvalues: {e^(2 pi i/10), -1, e^(-2 pi i/10)}
   verified to 50 digits, c^10 = I exact.

2. sin(pi/10) = (sqrt5 - 1)/4 = 1/(2 phi) — verified to 50 digits.

3. Maass r_n on PSL(2, Z): no clean H3 / phi pattern in r_n directly.
   The "r mod 10" values are spread; no quantization at H3 exponents.

4. 10 * r_n mod 2 pi: no clean lock to special angles (not at -1, +1,
   or H3 primitive eigenvalues).

5. STRUCTURAL OBSERVATION: pi/3 * |H3|/h = 4 pi.
   The modular fundamental domain area times |H3| over the Coxeter number
   equals the area of S^2. This says: the icosahedral group H3 PARTITIONS
   S^2 into 120 fundamental domains (12 H3 reps per icosahedron face), and
   the modular surface fundamental domain has the SAME areal ratio:
       Area(F_modular) : Area(S^2)  =  Coxeter number : |H3|

   This is a CLEAN finite identity (verified to 50 digits) but the link
   to RH surjectivity is structural / NON-DYNAMICAL.

6. Mayer T_3 evaluation at H3 angles: matrix truncation diverges
   (operator unbounded, basis-dependent truncation eigenvalues fly to
   infinity with N), so no clean local Mayer-T_3-at-H3-angle test.

VERDICT (Phase 2): no immediate spectral lock between H3 and Maass r_n.
The structural identity Area(F_mod) * |H3|/h = Area(S^2) is a clean
geometric fact but does NOT discharge surjectivity. Outcome class (b):
partial structural relation, not enough to formalize a bridge.

